S32D00000000000000001EE300029CE000009DE000013D0E00071DDD10038DD000001DDB00022DD80000B0DFFFFA92
S32D0000000A3D0E00071DDD10008CE000029CD000008CE000008DE000011EE1000250F000001EE3000993E00001F9
S32D0000001494E0000295E0000396E0000497E000059CE000069DE000079FE000081401000103010000060100002C
S32D0000001E0701000005010000400000B03D0E00071DDD100383D000001D3B00012DD80000B0D0000C3D0E0007C8
S32D000000281DDD100186D000003D6A0071B0D00001400000B1166200303D600001B0D000033D620003B0D00001D3
S32D0000003204010006870000003D4A0001B0D000281D01000D9DE0000060000001157617701D01000A0C56000D2C
S32D0000003C0DC8000D1DD000309DE00000600000011D58000A1DD000309DE00000600000011D01003A9DE000006A
S32D00000046600000011D0117700DD400050D72000D1DD603E81DD8000A1DD000309DE00000600000011D01177097
S32D000000500DD400050D72000D1DD600641DD8000A1DD000309DE00000600000011D0100209DE0000060000001A3
S32D0000005A1D0100209DE0000060000001400000B03D4A0002B0D000271D01000D9DE00000600000013D0E0001E7
S32D000000641DDD86A00D76000D1DD8000A1DD000309DE00000600000011D7627101DD8000A1DD000309DE0000061
S32D0000006E600000011D7603E81DD8000A1DD000309DE00000600000011D7600641DD8000A1DD000309DE00000FB
S32D00000078600000011D01002E9DE00000600000011D01000A0C76000D0DC8000D1DD000309DE00000600000013B
S32D000000821D78000A1DD000309DE0000060000001400000B03D4A0003B0D000271D01000D9DE00000600000018C
S32D0000008C3D0E00011DDD86A00D76000D1DD8000A1DD000309DE00000600000011D7627101DD8000A1DD000306A
S32D000000969DE00000600000011D7603E81DD8000A1DD000309DE00000600000011D7600641DD8000A1DD00030D3
S32D000000A09DE00000600000011D01000A0C76000D0DC8000D1DD000309DE00000600000011D78000A1DD0003004
S32D000000AA9DE00000600000013D0EFFFF1DDDFFF09DE00000600000014000002183E0000184E0000285E00003A7
S321000000B486E0000487E000058CE000068DE000078FE000081EE1000950F00000AF
S70500000012E8
